
> portfolio@0.1.0 build
> next build

  ▲ Next.js 14.2.17

   Creating an optimized production build ...
Failed to compile.

./components/providers/crisp-provider.tsx
Module not found: Can't resolve './crisp-chat'

https://nextjs.org/docs/messages/module-not-found

./app/(root)/contact/page.tsx
Error: 
  [31mx[0m Unexpected token `div`. Expected jsx identifier
     ,-[[36;1;4mD:\xing-portfolio\app\(root)\contact\page.tsx[0m:116:1]
 [2m116[0m |   };
 [2m117[0m | 
 [2m118[0m |   return (
 [2m119[0m |     <div className="h-full flex flex-col font-mono text-sm max-w-4xl mx-auto py-8">
     : [31;1m     ^^^[0m
 [2m120[0m |       <div className="flex-1 bg-black rounded-lg border border-[#333] overflow-hidden shadow-2xl flex flex-col">
 [2m121[0m |         {/* Terminal Header */}
 [2m121[0m |         <div className="bg-[#1a1b26] px-4 py-2 border-b border-[#333] flex items-center justify-between">
     `----

Caused by:
    Syntax Error

Import trace for requested module:
./app/(root)/contact/page.tsx

./app/api/send/route.ts
Module not found: Can't resolve '@/components/email-template'

https://nextjs.org/docs/messages/module-not-found


> Build failed because of webpack errors
